$ git branch //retorna onde vc esta
* master

$ git log --oneline //retorna 
69c7127 (HEAD -> master) a.txt Adicionei a linha entendendo o Head
c33fe34 modificado o arquivo a.txt e criado o arquivo c.txt
2596aab Criado os arquivos a.txt b.txt

$ git checkout -b teste // cria uma ramificação com o nome teste
Switched to a new branch 'teste'

$ git log --oneline //retorna as infos agr com a ramificação teste
69c7127 (HEAD -> teste, master) a.txt Adicionei a linha entendendo o Head
c33fe34 modificado o arquivo a.txt e criado o arquivo c.txt
2596aab Criado os arquivos a.txt b.txt

$ git branch// retorna onde vc está (agr na ramificação teste)
  master
* teste

$ git status // retorna o status
On branch teste

$ git add . // adiciona tudo

$ git status // agr retorna o staus de tudo addicinado 
On branch teste


no changes added to commit (use "git add" and/or "git commit -a")

$ git commit -m "modificando os arquivos a.txt b.txt"//adiciona comentario no arquivo atual



$ git log --oneline
6ac3478 (HEAD -> teste) modificando os arquivos a.txt b.txt
69c7127 (master) a.txt Adicionei a linha entendendo o Head
c33fe34 modificado o arquivo a.txt e criado o arquivo c.txt
2596aab Criado os arquivos a.txt b.txt

$ touch d.txt //cria um arquivo

$ git checkout master//retorna para o ramo "master"
Switched to branch 'master'

$ git log --oneline --graph //retorna apenas as ramificação atual
$ git log --oneline --graph --all //retorna todas as ramificações

$ git log --graph --all//retorna todas as ramificações extendida
//caso o cursor trave aperte a tecla "Q"


$ git log --oneline --graph --all //mostra as ramiçoes em grafico agora nao fundidas
* 8a8e893 (HEAD -> master) modificado os arquivo a.txt b.txt e c.txt
| * cba0c0b (teste) criado o arquivo d.txt
| * 6ac3478 modificando os arquivos a.txt b.txt
|/
* 69c7127 a.txt Adicionei a linha entendendo o Head
* c33fe34 modificado o arquivo a.txt e criado o arquivo c.txt
* 2596aab Criado os arquivos a.txt b.txt


--graph //cria um grafico das ramificações

GRAFICO    CODIGO DAS MODIFICAÇOES
|\         8a8e893 (HEAD -> master)
| *        cba0c0b (teste)
| *        6ac3478
|/
*          69c7127
*          c33fe34 
*         2596aab 





