
arthu@LAPTOP-6MJVQ0A4 MINGW64 /d/#Cursos/Git GitHub/Aula 5 Criando ramificações do projeto/projeto (master)
$ git branch
* master
  teste

arthu@LAPTOP-6MJVQ0A4 MINGW64 /d/#Cursos/Git GitHub/Aula 5 Criando ramificações do projeto/projeto (master)
$ git merge teste
Auto-merging b.txt
CONFLICT (content): Merge conflict in b.txt
Auto-merging a.txt
CONFLICT (content): Merge conflict in a.txt
Automatic merge failed; fix conflicts and then commit the result.

arthu@LAPTOP-6MJVQ0A4 MINGW64 /d/#Cursos/Git GitHub/Aula 5 Criando ramificações do projeto/projeto (master|MERGING)
$


Entre nos arquivos que deram conflito e clique em:
accept current change 	//aceita a primeira modificação apaga a segunda
accept incoming change	//aceita a segunda modificação apaga a primeira 
accept both change	//aceita as duas modificações nao apaga a primeira nem a segunda
compare change		//deixa vc comparar melhor as modificações


olhe a foto Conflito de "ramicações.png"

/***************************/
$ git log --oneline --graph --all //mostra as ramiçoes em grafico agora nao fundidas
* 8a8e893 (HEAD -> master) modificado os arquivo a.txt b.txt e c.txt
| * cba0c0b (teste) criado o arquivo d.txt
| * 6ac3478 modificando os arquivos a.txt b.txt
|/
* 69c7127 a.txt Adicionei a linha entendendo o Head
* c33fe34 modificado o arquivo a.txt e criado o arquivo c.txt
* 2596aab Criado os arquivos a.txt b.txt


--graph //cria um grafico das ramificações

GRAFICO    CODIGO DAS MODIFICAÇOES
|\         8a8e893 (HEAD -> master)
| *        cba0c0b (teste)
| *        6ac3478
|/
*          69c7127
*          c33fe34 
*         2596aab 