
arthu@LAPTOP-6MJVQ0A4 MINGW64 /d/#Cursos/Git GitHub/Aula 3 Iniciando um repositório local  comandos básicos/projeto
$ ls

arthu@LAPTOP-6MJVQ0A4 MINGW64 /d/#Cursos/Git GitHub/Aula 3 Iniciando um repositório local  comandos básicos/projeto
$ git init
Initialized empty Git repository in D:/#Cursos/Git GitHub/Aula 3 Iniciando um repositório local  comandos básicos/projeto/.git/

arthu@LAPTOP-6MJVQ0A4 MINGW64 /d/#Cursos/Git GitHub/Aula 3 Iniciando um repositório local  comandos básicos/projeto (master)
$ ls -a
./  ../  .git/

arthu@LAPTOP-6MJVQ0A4 MINGW64 /d/#Cursos/Git GitHub/Aula 3 Iniciando um repositório local  comandos básicos/projeto (master)
$ git status
On branch master

No commits yet

nothing to commit (create/copy files and use "git add" to track)

arthu@LAPTOP-6MJVQ0A4 MINGW64 /d/#Cursos/Git GitHub/Aula 3 Iniciando um repositório local  comandos básicos/projeto (master)
$ touch a.txt b.txt

arthu@LAPTOP-6MJVQ0A4 MINGW64 /d/#Cursos/Git GitHub/Aula 3 Iniciando um repositório local  comandos básicos/projeto (master)
$ git status
On branch master

No commits yet

Untracked files:
  (use "git add <file>..." to include in what will be committed)
        a.txt
        b.txt

nothing added to commit but untracked files present (use "git add" to track)

arthu@LAPTOP-6MJVQ0A4 MINGW64 /d/#Cursos/Git GitHub/Aula 3 Iniciando um repositório local  comandos básicos/projeto (master)
$ git add a.txt

arthu@LAPTOP-6MJVQ0A4 MINGW64 /d/#Cursos/Git GitHub/Aula 3 Iniciando um repositório local  comandos básicos/projeto (master)
$ git add *

arthu@LAPTOP-6MJVQ0A4 MINGW64 /d/#Cursos/Git GitHub/Aula 3 Iniciando um repositório local  comandos básicos/projeto (master)
$ git status
On branch master

No commits yet

Changes to be committed:
  (use "git rm --cached <file>..." to unstage)
        new file:   a.txt
        new file:   b.txt


arthu@LAPTOP-6MJVQ0A4 MINGW64 /d/#Cursos/Git GitHub/Aula 3 Iniciando um repositório local  comandos básicos/projeto (master)
$ git commit -m "Criado os arquivos a.txt b.txt"
[master (root-commit) 2596aab] Criado os arquivos a.txt b.txt
 2 files changed, 0 insertions(+), 0 deletions(-)
 create mode 100644 a.txt
 create mode 100644 b.txt

arthu@LAPTOP-6MJVQ0A4 MINGW64 /d/#Cursos/Git GitHub/Aula 3 Iniciando um repositório local  comandos básicos/projeto (master)
$ git status
On branch master
nothing to commit, working tree clean

arthu@LAPTOP-6MJVQ0A4 MINGW64 /d/#Cursos/Git GitHub/Aula 3 Iniciando um repositório local  comandos básicos/projeto (master)
$ git log
commit 2596aab2b1e635e5a719c6d673a43813c95b0eee (HEAD -> master)
Author: Arthur Dutra Alves <arthurdual2014@gmail.com>
Date:   Mon Aug 19 19:21:44 2019 -0300

    Criado os arquivos a.txt b.txt

arthu@LAPTOP-6MJVQ0A4 MINGW64 /d/#Cursos/Git GitHub/Aula 3 Iniciando um repositório local  comandos básicos/projeto (master)
$ touch c.txt

arthu@LAPTOP-6MJVQ0A4 MINGW64 /d/#Cursos/Git GitHub/Aula 3 Iniciando um repositório local  comandos básicos/projeto (master)
$ code .

arthu@LAPTOP-6MJVQ0A4 MINGW64 /d/#Cursos/Git GitHub/Aula 3 Iniciando um repositório local  comandos básicos/projeto (master)
$ git status
On branch master
Changes not staged for commit:
  (use "git add <file>..." to update what will be committed)
  (use "git restore <file>..." to discard changes in working directory)
        modified:   a.txt

Untracked files:
  (use "git add <file>..." to include in what will be committed)
        c.txt

no changes added to commit (use "git add" and/or "git commit -a")

arthu@LAPTOP-6MJVQ0A4 MINGW64 /d/#Cursos/Git GitHub/Aula 3 Iniciando um repositório local  comandos básicos/projeto (master)
$ git add *

arthu@LAPTOP-6MJVQ0A4 MINGW64 /d/#Cursos/Git GitHub/Aula 3 Iniciando um repositório local  comandos básicos/projeto (master)
$ git status
On branch master
Changes to be committed:
  (use "git restore --staged <file>..." to unstage)
        modified:   a.txt
        new file:   c.txt


arthu@LAPTOP-6MJVQ0A4 MINGW64 /d/#Cursos/Git GitHub/Aula 3 Iniciando um repositório local  comandos básicos/projeto (master)
$ git commit -m "modificado o arquivo a.txt e criado o arquivo c.txt"
[master c33fe34] modificado o arquivo a.txt e criado o arquivo c.txt
 2 files changed, 1 insertion(+)
 create mode 100644 c.txt

arthu@LAPTOP-6MJVQ0A4 MINGW64 /d/#Cursos/Git GitHub/Aula 3 Iniciando um repositório local  comandos básicos/projeto (master)
$ git status
On branch master
nothing to commit, working tree clean

arthu@LAPTOP-6MJVQ0A4 MINGW64 /d/#Cursos/Git GitHub/Aula 3 Iniciando um repositório local  comandos básicos/projeto (master)
$ git log
commit c33fe34c9d00666f7ad3c6eec2f0e7d3cbfc4a9c (HEAD -> master)
Author: Arthur Dutra Alves <arthurdual2014@gmail.com>
Date:   Mon Aug 19 19:25:53 2019 -0300

    modificado o arquivo a.txt e criado o arquivo c.txt

commit 2596aab2b1e635e5a719c6d673a43813c95b0eee
Author: Arthur Dutra Alves <arthurdual2014@gmail.com>
Date:   Mon Aug 19 19:21:44 2019 -0300

    Criado os arquivos a.txt b.txt

arthu@LAPTOP-6MJVQ0A4 MINGW64 /d/#Cursos/Git GitHub/Aula 3 Iniciando um repositório local  comandos básicos/projeto (master)
$ git log --oneline
c33fe34 (HEAD -> master) modificado o arquivo a.txt e criado o arquivo c.txt
2596aab Criado os arquivos a.txt b.txt

arthu@LAPTOP-6MJVQ0A4 MINGW64 /d/#Cursos/Git GitHub/Aula 3 Iniciando um repositório local  comandos básicos/projeto (master)
